38.00
38.00
38.00
38.00
38.01
38.01
38.09
38.09
38.00
-38.00
-38.00
-38.00
-38.00
-38.01
-38.01
-38.09
-38.09
-38.00
0.008
-0.008
"Just (-1.000)"
"Just 1.000"
Just (-1.0)
Just 1.0
