fromListN 5 [Just 'a',Just 'a',Just 'a',Just 'a',Just 'a']
